/opt/trex/v3.08/external_libs/scapy-2.4.3/scapy/layers/ipsec.py:469: CryptographyDeprecationWarning: Blowfish has been deprecated
  cipher=algorithms.Blowfish,
/opt/trex/v3.08/external_libs/scapy-2.4.3/scapy/layers/ipsec.py:483: CryptographyDeprecationWarning: CAST5 has been deprecated
  cipher=algorithms.CAST5,
/opt/trex/v3.08/automation/trex_control_plane/interactive/trex/examples/stl/stl_ndr_bench_tool.py:122: SyntaxWarning: invalid escape sequence '\S'
  m = re.search('(\S+)=(.+)', token)
/opt/trex/v3.08/automation/trex_control_plane/interactive/trex/examples/stl/stl_ndr_bench_tool.py:229: SyntaxWarning: invalid escape sequence '\T'
  parser.add_argument('--yaml', dest='yaml', help='use YAML file for configurations, use --yaml PATH\TO\YAML.yaml',


Status                            :Calculation of max rate for DUT

Title                             :gpu_bridge_stress
Running Rate                      :88.24 Gbps
Running Rate (% of max)           :100.00 %
Max Rate                          :88.24 Gbps       
Drop Rate                         :93.04140 % of oPackets
Queue Full                        :7.86 % of oPackets
Elapsed Time                      :35.03 seconds
BW Per Core                       :177.17 Gbit/Sec @100% per core
TX PPS uni-directional            :10.77 MPPS
RX PPS uni-directional            :3 KPPS
TX Utilization                    :89.97 %
TRex CPU                          :99.61 %
Total TX L1 uni-directional       :89.97 Gbps     
Total RX L1 uni-directional       :23.14 Mbps     
Total TX L2 uni-directional       :88.24 Gbps     
Total RX L2 uni-directional       :22.7 Mbps     


Status                            :Drops happened, searching for NDR with optimized binary search


Status                            :Trying upper bound of assumed rate!

Title                             :gpu_bridge_stress
Iteration                         :Upper bound of assumed NDR
Running Rate                      :6.44 Gbps
Running Rate (% of max)           :7.31 %
Max Rate                          :88.24 Gbps       
Drop Rate                         :99.99999 % of oPackets
Queue Full                        :0.00 % of oPackets
Elapsed Time                      :70.07 seconds
BW Per Core                       :2372.24 Gbit/Sec @100% per core
TX PPS uni-directional            :787 KPPS
RX PPS uni-directional            :0.0PPS
TX Utilization                    :6.57 %
TRex CPU                          :0.54 %
Total TX L1 uni-directional       :6.57 Gbps     
Total RX L1 uni-directional       :1.91bps     
Total TX L2 uni-directional       :6.44 Gbps     
Total RX L2 uni-directional       :1.82bps     


Status                            :Trying lower bound of assumed rate!

Title                             :gpu_bridge_stress
Iteration                         :Lower bound of assumed NDR
Running Rate                      :5.83 Gbps
Running Rate (% of max)           :6.61 %
Max Rate                          :88.24 Gbps       
Drop Rate                         :99.99999 % of oPackets
Queue Full                        :0.00 % of oPackets
Elapsed Time                      :105.10 seconds
BW Per Core                       :2265.54 Gbit/Sec @100% per core
TX PPS uni-directional            :712 KPPS
RX PPS uni-directional            :0.0PPS
TX Utilization                    :5.94 %
TRex CPU                          :0.51 %
Total TX L1 uni-directional       :5.94 Gbps     
Total RX L1 uni-directional       :0.06bps     
Total TX L2 uni-directional       :5.83 Gbps     
Total RX L2 uni-directional       :0.06bps     


Status                            :Lower bound of assumed NDR drops are beyond desired rate :(
Interval                          :[0,6]


Status                            :Drops beyond Desired rate occurred
Interval                          :[0,6]

Title                             :gpu_bridge_stress
Iteration                         :0
Running Rate                      :2.92 Gbps
Running Rate (% of max)           :3.31 %
Max Rate                          :88.24 Gbps       
Drop Rate                         :100.00000 % of oPackets
Queue Full                        :0.00 % of oPackets
Elapsed Time                      :35.03 seconds
BW Per Core                       :2694.93 Gbit/Sec @100% per core
TX PPS uni-directional            :356 KPPS
RX PPS uni-directional            :0.0PPS
TX Utilization                    :2.98 %
TRex CPU                          :0.22 %
Total TX L1 uni-directional       :2.98 Gbps     
Total RX L1 uni-directional       :0.0bps     
Total TX L2 uni-directional       :2.92 Gbps     
Total RX L2 uni-directional       :0.0bps     
Distance from current Optimum     :3.31 %


Status                            :Drops beyond Desired rate occurred
Interval                          :[0,3]

Title                             :gpu_bridge_stress
Iteration                         :1
Running Rate                      :1.46 Gbps
Running Rate (% of max)           :1.65 %
Max Rate                          :88.24 Gbps       
Drop Rate                         :100.00000 % of oPackets
Queue Full                        :0.00 % of oPackets
Elapsed Time                      :70.07 seconds
BW Per Core                       :2146.90 Gbit/Sec @100% per core
TX PPS uni-directional            :178 KPPS
RX PPS uni-directional            :0.0PPS
TX Utilization                    :1.49 %
TRex CPU                          :0.14 %
Total TX L1 uni-directional       :1.49 Gbps     
Total RX L1 uni-directional       :0.0bps     
Total TX L2 uni-directional       :1.46 Gbps     
Total RX L2 uni-directional       :0.0bps     
Distance from current Optimum     :1.65 %


Status                            :Drops beyond Desired rate occurred
Interval                          :[0,1]

Title                             :gpu_bridge_stress
Iteration                         :2
Running Rate                      :728.45 Mbps
Running Rate (% of max)           :0.83 %
Max Rate                          :88.24 Gbps       
Drop Rate                         :99.99989 % of oPackets
Queue Full                        :0.00 % of oPackets
Elapsed Time                      :105.10 seconds
BW Per Core                       :8265.66 Gbit/Sec @100% per core
TX PPS uni-directional            :89 KPPS
RX PPS uni-directional            :0.61PPS
TX Utilization                    :0.74 %
TRex CPU                          :0.02 %
Total TX L1 uni-directional       :742.67 Mbps     
Total RX L1 uni-directional       :2 Kbps     
Total TX L2 uni-directional       :728.45 Mbps     
Total RX L2 uni-directional       :2 Kbps     
Distance from current Optimum     :0.83 %

Title                             :gpu_bridge_stress
Total Iterations                  :5
Max Rate                          :88.24 Gbps       
Optimal P-Drop Rate               :728.45 Mbps
P-Drop Rate (% of max)            :0.00 %
Drop Rate at Optimal P-Drop Rate  :99.99989 % of oPackets
Queue Full at Optimal P-Drop Rate :0.00 % of oPackets
Elapsed Time                      :210.19 seconds
BW Per Core                       :8265.66 Gbit/Sec @100% per core
TX PPS uni-directional            :89 KPPS
RX PPS uni-directional            :0.61PPS
TX Utilization                    :0.74 %
TRex CPU                          :0.02 %
Total TX L1 uni-directional       :742.67 Mbps     
Total RX L1 uni-directional       :2 Kbps     
Total TX L2 uni-directional       :728.45 Mbps     
Total RX L2 uni-directional       :2 Kbps     
Distance from current Optimum     :0.00 %
NDR(s) uni-directional            :728.45 Mbps 

Bench Run has finished :-)

{'BW per core [Gbit/sec @100% per core]': '8265.66Gbit/Sec @100% per core',
 'CPU Utilization [%]': '0.02',
 'Drop Rate [%]': '100.0',
 'Elapsed Time [Sec]': '210.19',
 'Line Utilization [%]': '0.74',
 'Max Rate [bps]': '88.24 Gbps',
 'NDR points': ['728.45 Mbps'],
 'OPT RX Rate [bps]': '1 Kbps',
 'OPT Rate (Multiplier) [%]': '0',
 'OPT TX Rate [bps]': '728.45 Mbps',
 'Queue Full [%]': '0.0%',
 'RX [MPPS]': '0.61PPS',
 'RX [bps]': '2 Kbps',
 'TX [MPPS]': '89 KPPS',
 'TX [bps]': '728.45 Mbps',
 'Title': 'gpu_bridge_stress',
 'Total Iterations': 2,
 'Total RX L1': '2 Kbps',
 'Total TX L1': '742.67 Mbps',
 'latency': {},
 'valid_latency': True}
