/opt/trex/v3.08/external_libs/scapy-2.4.3/scapy/layers/ipsec.py:469: CryptographyDeprecationWarning: Blowfish has been deprecated
  cipher=algorithms.Blowfish,
/opt/trex/v3.08/external_libs/scapy-2.4.3/scapy/layers/ipsec.py:483: CryptographyDeprecationWarning: CAST5 has been deprecated
  cipher=algorithms.CAST5,
/opt/trex/v3.08/automation/trex_control_plane/interactive/trex/examples/stl/stl_ndr_bench_tool.py:122: SyntaxWarning: invalid escape sequence '\S'
  m = re.search('(\S+)=(.+)', token)
/opt/trex/v3.08/automation/trex_control_plane/interactive/trex/examples/stl/stl_ndr_bench_tool.py:229: SyntaxWarning: invalid escape sequence '\T'
  parser.add_argument('--yaml', dest='yaml', help='use YAML file for configurations, use --yaml PATH\TO\YAML.yaml',


Status                            :Calculation of max rate for DUT

Title                             :gpu_bridge_stress
Running Rate                      :98.55 Gbps
Running Rate (% of max)           :100.00 %
Max Rate                          :98.55 Gbps       
Drop Rate                         :82.32470 % of oPackets
Queue Full                        :10.80 % of oPackets
Elapsed Time                      :35.03 seconds
BW Per Core                       :198.04 Gbit/Sec @100% per core
TX PPS uni-directional            :8.11 MPPS
RX PPS uni-directional            :1.43 MPPS
TX Utilization                    :99.85 %
TRex CPU                          :99.52 %
Total TX L1 uni-directional       :99.85 Gbps     
Total RX L1 uni-directional       :17.64 Gbps     
Total TX L2 uni-directional       :98.55 Gbps     
Total RX L2 uni-directional       :17.41 Gbps     


Status                            :Drops happened, searching for NDR with optimized binary search


Status                            :Trying upper bound of assumed rate!

Title                             :gpu_bridge_stress
Iteration                         :Upper bound of assumed NDR
Running Rate                      :18.28 Gbps
Running Rate (% of max)           :18.56 %
Max Rate                          :98.55 Gbps       
Drop Rate                         :11.59355 % of oPackets
Queue Full                        :0.00 % of oPackets
Elapsed Time                      :70.06 seconds
BW Per Core                       :3412.30 Gbit/Sec @100% per core
TX PPS uni-directional            :1.51 MPPS
RX PPS uni-directional            :1.33 MPPS
TX Utilization                    :18.52 %
TRex CPU                          :1.07 %
Total TX L1 uni-directional       :18.52 Gbps     
Total RX L1 uni-directional       :16.38 Gbps     
Total TX L2 uni-directional       :18.28 Gbps     
Total RX L2 uni-directional       :16.17 Gbps     


Status                            :Trying lower bound of assumed rate!

Title                             :gpu_bridge_stress
Iteration                         :Lower bound of assumed NDR
Running Rate                      :16.54 Gbps
Running Rate (% of max)           :16.79 %
Max Rate                          :98.55 Gbps       
Drop Rate                         :0.00736 % of oPackets
Queue Full                        :0.00 % of oPackets
Elapsed Time                      :105.10 seconds
BW Per Core                       :3457.61 Gbit/Sec @100% per core
TX PPS uni-directional            :1.36 MPPS
RX PPS uni-directional            :1.36 MPPS
TX Utilization                    :16.75 %
TRex CPU                          :0.96 %
Total TX L1 uni-directional       :16.75 Gbps     
Total RX L1 uni-directional       :16.76 Gbps     
Total TX L2 uni-directional       :16.54 Gbps     
Total RX L2 uni-directional       :16.54 Gbps     


Status                            :Lower bound of assumed NDR drops are below desired rate :)
Interval                          :[16,18]


Status                            :Drops beyond Desired rate occurred
Interval                          :[16,18]

Title                             :gpu_bridge_stress
Iteration                         :0
Running Rate                      :17.4 Gbps
Running Rate (% of max)           :17.68 %
Max Rate                          :98.55 Gbps       
Drop Rate                         :7.00077 % of oPackets
Queue Full                        :0.00 % of oPackets
Elapsed Time                      :35.03 seconds
BW Per Core                       :3395.75 Gbit/Sec @100% per core
TX PPS uni-directional            :1.43 MPPS
RX PPS uni-directional            :1.33 MPPS
TX Utilization                    :17.63 %
TRex CPU                          :1.02 %
Total TX L1 uni-directional       :17.63 Gbps     
Total RX L1 uni-directional       :16.4 Gbps     
Total TX L2 uni-directional       :17.4 Gbps     
Total RX L2 uni-directional       :16.19 Gbps     
Distance from current Optimum     :0.88 %

Title                             :gpu_bridge_stress
Total Iterations                  :3
Max Rate                          :98.55 Gbps       
Optimal P-Drop Rate               :16.54 Gbps
P-Drop Rate (% of max)            :16.79 %
Drop Rate at Optimal P-Drop Rate  :0.00736 % of oPackets
Queue Full at Optimal P-Drop Rate :0.00 % of oPackets
Elapsed Time                      :140.13 seconds
BW Per Core                       :3457.61 Gbit/Sec @100% per core
TX PPS uni-directional            :1.36 MPPS
RX PPS uni-directional            :1.36 MPPS
TX Utilization                    :16.75 %
TRex CPU                          :0.96 %
Total TX L1 uni-directional       :16.75 Gbps     
Total RX L1 uni-directional       :16.76 Gbps     
Total TX L2 uni-directional       :16.54 Gbps     
Total RX L2 uni-directional       :16.54 Gbps     
Distance from current Optimum     :0.00 %
NDR(s) uni-directional            :16.54 Gbps 

Bench Run has finished :-)

{'BW per core [Gbit/sec @100% per core]': '3457.61Gbit/Sec @100% per core',
 'CPU Utilization [%]': '0.96',
 'Drop Rate [%]': '0.01',
 'Elapsed Time [Sec]': '140.13',
 'Line Utilization [%]': '16.75',
 'Max Rate [bps]': '98.55 Gbps',
 'NDR points': ['16.54 Gbps'],
 'OPT RX Rate [bps]': '16.54 Gbps',
 'OPT Rate (Multiplier) [%]': '16.791534376885263',
 'OPT TX Rate [bps]': '16.54 Gbps',
 'Queue Full [%]': '0.0%',
 'RX [MPPS]': '1.36 MPPS',
 'RX [bps]': '16.54 Gbps',
 'TX [MPPS]': '1.36 MPPS',
 'TX [bps]': '16.54 Gbps',
 'Title': 'gpu_bridge_stress',
 'Total Iterations': 0,
 'Total RX L1': '16.76 Gbps',
 'Total TX L1': '16.75 Gbps',
 'latency': {},
 'valid_latency': True}
